{
  "version": "1.5.0",
  "plugins_used": [
    {
      "name": "ArtifactoryDetector"
    },
    {
      "name": "AWSKeyDetector"
    },
    {
      "name": "AzureStorageKeyDetector"
    },
    {
      "name": "Base64HighEntropyString",
      "limit": 4.5
    },
    {
      "name": "BasicAuthDetector"
    },
    {
      "name": "CloudantDetector"
    },
    {
      "name": "DiscordBotTokenDetector"
    },
    {
      "name": "GitHubTokenDetector"
    },
    {
      "name": "GitLabTokenDetector"
    },
    {
      "name": "HexHighEntropyString",
      "limit": 3.0
    },
    {
      "name": "IbmCloudIamDetector"
    },
    {
      "name": "IbmCosHmacDetector"
    },
    {
      "name": "IPPublicDetector"
    },
    {
      "name": "JwtTokenDetector"
    },
    {
      "name": "KeywordDetector",
      "keyword_exclude": ""
    },
    {
      "name": "MailchimpDetector"
    },
    {
      "name": "NpmDetector"
    },
    {
      "name": "OpenAIDetector"
    },
    {
      "name": "PrivateKeyDetector"
    },
    {
      "name": "PypiTokenDetector"
    },
    {
      "name": "SendGridDetector"
    },
    {
      "name": "SlackDetector"
    },
    {
      "name": "SoftlayerDetector"
    },
    {
      "name": "SquareOAuthDetector"
    },
    {
      "name": "StripeDetector"
    },
    {
      "name": "TelegramBotTokenDetector"
    },
    {
      "name": "TwilioKeyDetector"
    }
  ],
  "filters_used": [
    {
      "path": "detect_secrets.filters.allowlist.is_line_allowlisted"
    },
    {
      "path": "detect_secrets.filters.common.is_ignored_due_to_verification_policies",
      "min_level": 2
    },
    {
      "path": "detect_secrets.filters.heuristic.is_indirect_reference"
    },
    {
      "path": "detect_secrets.filters.heuristic.is_likely_id_string"
    },
    {
      "path": "detect_secrets.filters.heuristic.is_lock_file"
    },
    {
      "path": "detect_secrets.filters.heuristic.is_not_alphanumeric_string"
    },
    {
      "path": "detect_secrets.filters.heuristic.is_potential_uuid"
    },
    {
      "path": "detect_secrets.filters.heuristic.is_prefixed_with_dollar_sign"
    },
    {
      "path": "detect_secrets.filters.heuristic.is_sequential_string"
    },
    {
      "path": "detect_secrets.filters.heuristic.is_swagger_file"
    },
    {
      "path": "detect_secrets.filters.heuristic.is_templated_secret"
    }
  ],
  "results": {
    ".github/workflows/ci-2-analyst-diagnostics.yml": [
      {
        "type": "Base64 High Entropy String",
        "filename": ".github/workflows/ci-2-analyst-diagnostics.yml",
        "hashed_secret": "ee7aeea6963d5ce1337a24ff52ee3831c7906bf8",
        "is_verified": false,
        "line_number": 79
      }
    ],
    ".github/workflows/ci-3-pr-producer.yml": [
      {
        "type": "Base64 High Entropy String",
        "filename": ".github/workflows/ci-3-pr-producer.yml",
        "hashed_secret": "ee7aeea6963d5ce1337a24ff52ee3831c7906bf8",
        "is_verified": false,
        "line_number": 744
      }
    ],
    ".github/workflows/pages.yml": [
      {
        "type": "Base64 High Entropy String",
        "filename": ".github/workflows/pages.yml",
        "hashed_secret": "ee7aeea6963d5ce1337a24ff52ee3831c7906bf8",
        "is_verified": false,
        "line_number": 43
      },
      {
        "type": "Base64 High Entropy String",
        "filename": ".github/workflows/pages.yml",
        "hashed_secret": "b2cb383539238f619b067e747aaa83ed38a9fe37",
        "is_verified": false,
        "line_number": 96
      }
    ],
    "AGENTS.md": [
      {
        "type": "Secret Keyword",
        "filename": "AGENTS.md",
        "hashed_secret": "6dc5b686eb8aa7921c942266c351b6256d4be870",
        "is_verified": false,
        "line_number": 172
      }
    ],
    "docs/research/qa-f-classifier-real-repo-run.json": [
      {
        "type": "Hex High Entropy String",
        "filename": "docs/research/qa-f-classifier-real-repo-run.json",
        "hashed_secret": "eb4c2ffc422f18dd6069d4783f5e3ac99f08651a",
        "is_verified": false,
        "line_number": 23
      },
      {
        "type": "Hex High Entropy String",
        "filename": "docs/research/qa-f-classifier-real-repo-run.json",
        "hashed_secret": "cab75ada7ea6ae32fdc4d56b6fc61859600bbca2",
        "is_verified": false,
        "line_number": 37
      },
      {
        "type": "Hex High Entropy String",
        "filename": "docs/research/qa-f-classifier-real-repo-run.json",
        "hashed_secret": "d12d43388582aec5713495c2f9993e931f25f695",
        "is_verified": false,
        "line_number": 50
      }
    ],
    "raw/drive-sources/sof-session-notes.source-registry.json": [
      {
        "type": "Secret Keyword",
        "filename": "raw/drive-sources/sof-session-notes.source-registry.json",
        "hashed_secret": "6c6107869e8ba7dae941b2088c027d1c2342d912",
        "is_verified": false,
        "line_number": 4
      }
    ],
    "raw/wiki-processing/wiki-processing-checkpoint-registry.json": [
      {
        "type": "Hex High Entropy String",
        "filename": "raw/wiki-processing/wiki-processing-checkpoint-registry.json",
        "hashed_secret": "8dc9976ca12dff0dd2d22eaff2c037a62845c67e",
        "is_verified": false,
        "line_number": 6
      },
      {
        "type": "Hex High Entropy String",
        "filename": "raw/wiki-processing/wiki-processing-checkpoint-registry.json",
        "hashed_secret": "1a72e9a9750ada7d1de6b0ffb287b1a0613bd3e3",
        "is_verified": false,
        "line_number": 14
      },
      {
        "type": "Hex High Entropy String",
        "filename": "raw/wiki-processing/wiki-processing-checkpoint-registry.json",
        "hashed_secret": "cddffa9a74b30c4b186c4cce6a3cb95be58ce405",
        "is_verified": false,
        "line_number": 27
      },
      {
        "type": "Hex High Entropy String",
        "filename": "raw/wiki-processing/wiki-processing-checkpoint-registry.json",
        "hashed_secret": "49a37d7235c5e2c92274d1c6900153c868696a97",
        "is_verified": false,
        "line_number": 40
      },
      {
        "type": "Hex High Entropy String",
        "filename": "raw/wiki-processing/wiki-processing-checkpoint-registry.json",
        "hashed_secret": "8b888fe3ab2a68676e31b1cb6ec5d5a7431d9ea1",
        "is_verified": false,
        "line_number": 53
      },
      {
        "type": "Hex High Entropy String",
        "filename": "raw/wiki-processing/wiki-processing-checkpoint-registry.json",
        "hashed_secret": "e2e606e9097156650c1b1a6734ba7f464ed7cdd2",
        "is_verified": false,
        "line_number": 105
      },
      {
        "type": "Hex High Entropy String",
        "filename": "raw/wiki-processing/wiki-processing-checkpoint-registry.json",
        "hashed_secret": "6d9e5640bdeb469a5f8e3ff3fb6c5666ac5bf1fe",
        "is_verified": false,
        "line_number": 118
      },
      {
        "type": "Hex High Entropy String",
        "filename": "raw/wiki-processing/wiki-processing-checkpoint-registry.json",
        "hashed_secret": "d861b509ed74c5f831001229bdbf6266ab750b4a",
        "is_verified": false,
        "line_number": 131
      },
      {
        "type": "Hex High Entropy String",
        "filename": "raw/wiki-processing/wiki-processing-checkpoint-registry.json",
        "hashed_secret": "e12d0ed1b07234c941e52697f6ba7435845cdbb9",
        "is_verified": false,
        "line_number": 157
      },
      {
        "type": "Hex High Entropy String",
        "filename": "raw/wiki-processing/wiki-processing-checkpoint-registry.json",
        "hashed_secret": "bb1179265c8efa95e2ffd837d0fe014c1c32478b",
        "is_verified": false,
        "line_number": 170
      },
      {
        "type": "Hex High Entropy String",
        "filename": "raw/wiki-processing/wiki-processing-checkpoint-registry.json",
        "hashed_secret": "2ef2b79a67861d29d218eb8eabc1759b10f6e423",
        "is_verified": false,
        "line_number": 183
      },
      {
        "type": "Hex High Entropy String",
        "filename": "raw/wiki-processing/wiki-processing-checkpoint-registry.json",
        "hashed_secret": "1396a80bd1a3fee7eac9e10913208898db2f28f5",
        "is_verified": false,
        "line_number": 222
      },
      {
        "type": "Hex High Entropy String",
        "filename": "raw/wiki-processing/wiki-processing-checkpoint-registry.json",
        "hashed_secret": "e90b699a6bbbf1a22b8c15738c94e8fc8708b4e8",
        "is_verified": false,
        "line_number": 578
      },
      {
        "type": "Hex High Entropy String",
        "filename": "raw/wiki-processing/wiki-processing-checkpoint-registry.json",
        "hashed_secret": "b673bb6a041271724db7b27c80c866f75c092e3c",
        "is_verified": false,
        "line_number": 579
      },
      {
        "type": "Hex High Entropy String",
        "filename": "raw/wiki-processing/wiki-processing-checkpoint-registry.json",
        "hashed_secret": "deb43d9f2bec5869015484dec4137e08ca5ce754",
        "is_verified": false,
        "line_number": 580
      },
      {
        "type": "Hex High Entropy String",
        "filename": "raw/wiki-processing/wiki-processing-checkpoint-registry.json",
        "hashed_secret": "24c0fcd86bf8ba80c671d60966312b3c6b0281dc",
        "is_verified": false,
        "line_number": 581
      },
      {
        "type": "Hex High Entropy String",
        "filename": "raw/wiki-processing/wiki-processing-checkpoint-registry.json",
        "hashed_secret": "b0f4a141062603f84ff9e7e0a270f8564fe377cb",
        "is_verified": false,
        "line_number": 582
      },
      {
        "type": "Hex High Entropy String",
        "filename": "raw/wiki-processing/wiki-processing-checkpoint-registry.json",
        "hashed_secret": "cc6f2fcef8f684c1d7975fca071731bc6d9bc62f",
        "is_verified": false,
        "line_number": 583
      },
      {
        "type": "Hex High Entropy String",
        "filename": "raw/wiki-processing/wiki-processing-checkpoint-registry.json",
        "hashed_secret": "dbea375b3218deae71e5efe3d9bd731bb127568e",
        "is_verified": false,
        "line_number": 584
      },
      {
        "type": "Hex High Entropy String",
        "filename": "raw/wiki-processing/wiki-processing-checkpoint-registry.json",
        "hashed_secret": "46520f12b6c45bcc8c832c86ae3675ee96028295",
        "is_verified": false,
        "line_number": 585
      },
      {
        "type": "Hex High Entropy String",
        "filename": "raw/wiki-processing/wiki-processing-checkpoint-registry.json",
        "hashed_secret": "52ef50797cf091fae3af423df9821a7044be62bb",
        "is_verified": false,
        "line_number": 586
      },
      {
        "type": "Hex High Entropy String",
        "filename": "raw/wiki-processing/wiki-processing-checkpoint-registry.json",
        "hashed_secret": "cd7cafeb42a4e21b88986b3284db4711342a524e",
        "is_verified": false,
        "line_number": 587
      },
      {
        "type": "Hex High Entropy String",
        "filename": "raw/wiki-processing/wiki-processing-checkpoint-registry.json",
        "hashed_secret": "92661a7aa4923d43ef45866742262a00238dbca0",
        "is_verified": false,
        "line_number": 588
      },
      {
        "type": "Hex High Entropy String",
        "filename": "raw/wiki-processing/wiki-processing-checkpoint-registry.json",
        "hashed_secret": "f4998d57998213f2c3db0a9e091da69d201562f6",
        "is_verified": false,
        "line_number": 589
      }
    ],
    "schema/drive-source-registry-contract.md": [
      {
        "type": "Secret Keyword",
        "filename": "schema/drive-source-registry-contract.md",
        "hashed_secret": "6c6107869e8ba7dae941b2088c027d1c2342d912",
        "is_verified": false,
        "line_number": 37
      }
    ],
    "scripts/fleet/env.test.ts": [
      {
        "type": "Secret Keyword",
        "filename": "scripts/fleet/env.test.ts",
        "hashed_secret": "014170835917a7f6ceef594d8c65e305ce13e3bb",
        "is_verified": false,
        "line_number": 67
      }
    ],
    "scripts/fleet/github/logging.test.ts": [
      {
        "type": "Secret Keyword",
        "filename": "scripts/fleet/github/logging.test.ts",
        "hashed_secret": "96a19dd2b3772b44195f1a093124182c056fc25d",
        "is_verified": false,
        "line_number": 4
      }
    ],
    "tests/drive_monitor/test_advance_cursor.py": [
      {
        "type": "Secret Keyword",
        "filename": "tests/drive_monitor/test_advance_cursor.py",
        "hashed_secret": "6c6107869e8ba7dae941b2088c027d1c2342d912",
        "is_verified": false,
        "line_number": 24
      }
    ],
    "tests/drive_monitor/test_check_drift.py": [
      {
        "type": "Secret Keyword",
        "filename": "tests/drive_monitor/test_check_drift.py",
        "hashed_secret": "6c6107869e8ba7dae941b2088c027d1c2342d912",
        "is_verified": false,
        "line_number": 23
      }
    ],
    "tests/drive_monitor/test_create_issues.py": [
      {
        "type": "Base64 High Entropy String",
        "filename": "tests/drive_monitor/test_create_issues.py",
        "hashed_secret": "762ef442377b4d44d91a544933dc232c33ac94aa",
        "is_verified": false,
        "line_number": 215
      }
    ],
    "tests/drive_monitor/test_fetch_content.py": [
      {
        "type": "Secret Keyword",
        "filename": "tests/drive_monitor/test_fetch_content.py",
        "hashed_secret": "6c6107869e8ba7dae941b2088c027d1c2342d912",
        "is_verified": false,
        "line_number": 75
      },
      {
        "type": "Hex High Entropy String",
        "filename": "tests/drive_monitor/test_fetch_content.py",
        "hashed_secret": "67a74306b06d0c01624fe0d0249a570f4d093747",
        "is_verified": false,
        "line_number": 329
      }
    ],
    "tests/drive_monitor/test_registry.py": [
      {
        "type": "Secret Keyword",
        "filename": "tests/drive_monitor/test_registry.py",
        "hashed_secret": "6c6107869e8ba7dae941b2088c027d1c2342d912",
        "is_verified": false,
        "line_number": 25
      }
    ],
    "tests/drive_monitor/test_relay.py": [
      {
        "type": "Secret Keyword",
        "filename": "tests/drive_monitor/test_relay.py",
        "hashed_secret": "6c6107869e8ba7dae941b2088c027d1c2342d912",
        "is_verified": false,
        "line_number": 33
      },
      {
        "type": "Secret Keyword",
        "filename": "tests/drive_monitor/test_relay.py",
        "hashed_secret": "180fa2295a6c36936dcb898f088891b024b68d8f",
        "is_verified": false,
        "line_number": 104
      }
    ],
    "tests/drive_monitor/test_synthesize_diff.py": [
      {
        "type": "Secret Keyword",
        "filename": "tests/drive_monitor/test_synthesize_diff.py",
        "hashed_secret": "6c6107869e8ba7dae941b2088c027d1c2342d912",
        "is_verified": false,
        "line_number": 53
      }
    ],
    "tests/drive_monitor/test_types.py": [
      {
        "type": "Secret Keyword",
        "filename": "tests/drive_monitor/test_types.py",
        "hashed_secret": "6c6107869e8ba7dae941b2088c027d1c2342d912",
        "is_verified": false,
        "line_number": 24
      }
    ],
    "tests/kb/test_ci2_workflow.py": [
      {
        "type": "Base64 High Entropy String",
        "filename": "tests/kb/test_ci2_workflow.py",
        "hashed_secret": "dbb348cc0720a9b8601955f882199cf774b979db",
        "is_verified": false,
        "line_number": 82
      }
    ],
    "tests/kb/test_ci3_workflow.py": [
      {
        "type": "Base64 High Entropy String",
        "filename": "tests/kb/test_ci3_workflow.py",
        "hashed_secret": "dbb348cc0720a9b8601955f882199cf774b979db",
        "is_verified": false,
        "line_number": 804
      }
    ],
    "tests/kb/test_ci5_app_token_pins.py": [
      {
        "type": "Hex High Entropy String",
        "filename": "tests/kb/test_ci5_app_token_pins.py",
        "hashed_secret": "6a9643f87f18d8d418bb8d9c29586a032f8151a5",
        "is_verified": false,
        "line_number": 39
      }
    ],
    "tests/kb/test_drive_monitor_relay_http.py": [
      {
        "type": "Secret Keyword",
        "filename": "tests/kb/test_drive_monitor_relay_http.py",
        "hashed_secret": "e5e9fa1ba31ecd1ae84f75caaa474f3a663f05f4",
        "is_verified": false,
        "line_number": 38
      }
    ],
    "tests/kb/test_fleet_dispatch_app_token_diagnostics.py": [
      {
        "type": "Hex High Entropy String",
        "filename": "tests/kb/test_fleet_dispatch_app_token_diagnostics.py",
        "hashed_secret": "6a9643f87f18d8d418bb8d9c29586a032f8151a5",
        "is_verified": false,
        "line_number": 305
      }
    ],
    "tests/kb/test_framework_contracts.py": [
      {
        "type": "Base64 High Entropy String",
        "filename": "tests/kb/test_framework_contracts.py",
        "hashed_secret": "dbb348cc0720a9b8601955f882199cf774b979db",
        "is_verified": false,
        "line_number": 250
      }
    ],
    "tests/kb/test_github_monitor_relay.py": [
      {
        "type": "Secret Keyword",
        "filename": "tests/kb/test_github_monitor_relay.py",
        "hashed_secret": "e8af0e18ff4805f4efd84f58b0fa69e3780f35a4",
        "is_verified": false,
        "line_number": 125
      },
      {
        "type": "Secret Keyword",
        "filename": "tests/kb/test_github_monitor_relay.py",
        "hashed_secret": "83a5b8a7b2e181736b4cad2391e48691b4434fdb",
        "is_verified": false,
        "line_number": 184
      },
      {
        "type": "Secret Keyword",
        "filename": "tests/kb/test_github_monitor_relay.py",
        "hashed_secret": "e5e9fa1ba31ecd1ae84f75caaa474f3a663f05f4",
        "is_verified": false,
        "line_number": 353
      }
    ],
    "tests/kb/test_github_monitor_relay_http.py": [
      {
        "type": "Secret Keyword",
        "filename": "tests/kb/test_github_monitor_relay_http.py",
        "hashed_secret": "e5e9fa1ba31ecd1ae84f75caaa474f3a663f05f4",
        "is_verified": false,
        "line_number": 39
      }
    ],
    "tests/kb/test_github_monitor_validators.py": [
      {
        "type": "Hex High Entropy String",
        "filename": "tests/kb/test_github_monitor_validators.py",
        "hashed_secret": "317ea66608953d1699cde6243eadba3ea1e71b95",
        "is_verified": false,
        "line_number": 23
      }
    ],
    "tests/kb/test_pages_workflow.py": [
      {
        "type": "Base64 High Entropy String",
        "filename": "tests/kb/test_pages_workflow.py",
        "hashed_secret": "dbb348cc0720a9b8601955f882199cf774b979db",
        "is_verified": false,
        "line_number": 33
      },
      {
        "type": "Base64 High Entropy String",
        "filename": "tests/kb/test_pages_workflow.py",
        "hashed_secret": "e384405dfe71da7075e7b4d5f093d2440da964e9",
        "is_verified": false,
        "line_number": 89
      }
    ],
    "tests/test_redaction.py": [
      {
        "type": "Base64 High Entropy String",
        "filename": "tests/test_redaction.py",
        "hashed_secret": "a7f906370fbf641726c31b0b2db0dba5f8d7d210",
        "is_verified": false,
        "line_number": 54
      },
      {
        "type": "Base64 High Entropy String",
        "filename": "tests/test_redaction.py",
        "hashed_secret": "1b515334bf4ddd0cba99355a3ace3f9b28258e68",
        "is_verified": false,
        "line_number": 104
      },
      {
        "type": "Hex High Entropy String",
        "filename": "tests/test_redaction.py",
        "hashed_secret": "75ae55f26c8fa2d6593f3b7e8fe9feccad90cbd0",
        "is_verified": false,
        "line_number": 119
      }
    ]
  },
  "generated_at": "2026-07-11T06:19:45Z"
}
